Running Method 501.7 (Temperature)...
Running Method 514.8 (Vibration)...
Running Method 516.8 (Shock)...
{
  "501.7": {
    "passed": false,
    "log": [
      "Ambient: -40C, Component: 211.7C, Status: THROTTLE_WARNING, Health: HEALTHY",
      "FAILURE: Component temp 211.7C > 85C",
      "Ambient: -20C, Component: 231.7C, Status: THROTTLE_WARNING, Health: HEALTHY",
      "FAILURE: Component temp 231.7C > 85C",
      "Ambient: 0C, Component: 251.7C, Status: THROTTLE_WARNING, Health: HEALTHY",
      "FAILURE: Component temp 251.7C > 85C",
      "Ambient: 25C, Component: 276.7C, Status: THROTTLE_WARNING, Health: HEALTHY",
      "FAILURE: Component temp 276.7C > 85C",
      "Ambient: 45C, Component: 296.7C, Status: THROTTLE_WARNING, Health: HEALTHY",
      "FAILURE: Component temp 296.7C > 85C",
      "Ambient: 60C, Component: 311.7C, Status: THROTTLE_WARNING, Health: HEALTHY",
      "FAILURE: Component temp 311.7C > 85C"
    ]
  },
  "514.8": {
    "passed": true,
    "details": "Solid-state, 40G rated"
  },
  "516.8": {
    "passed": true,
    "details": "40G half-sine, 11ms simulated"
  }
}
